nohup: ignoring input
2026-08-30 11:40:51.608689: I tensorflow/core/platform/cpu_feature_guard.cc:193] This TensorFlow binary is optimized with oneAPI Deep Neural Network Library (oneDNN) to use the following CPU instructions in performance-critical operations:  AVX2 AVX512F AVX512_VNNI FMA
To enable them in other operations, rebuild TensorFlow with the appropriate compiler flags.
2026-08-30 11:40:51.739108: I tensorflow/core/util/util.cc:169] oneDNN custom operations are on. You may see slightly different numerical results due to floating-point round-off errors from different computation orders. To turn them off, set the environment variable `TF_ENABLE_ONEDNN_OPTS=0`.
2026-08-30 11:40:51.772910: E tensorflow/stream_executor/cuda/cuda_blas.cc:2981] Unable to register cuBLAS factory: Attempting to register factory for plugin cuBLAS when one has already been registered
2026-08-30 11:40:52.476793: W tensorflow/stream_executor/platform/default/dso_loader.cc:64] Could not load dynamic library 'libnvinfer.so.7'; dlerror: libnvinfer.so.7: cannot open shared object file: No such file or directory; LD_LIBRARY_PATH: :/usr/local/cuda-11.2/lib64:/usr/local/cuda-11.2/lib64
2026-08-30 11:40:52.476873: W tensorflow/stream_executor/platform/default/dso_loader.cc:64] Could not load dynamic library 'libnvinfer_plugin.so.7'; dlerror: libnvinfer_plugin.so.7: cannot open shared object file: No such file or directory; LD_LIBRARY_PATH: :/usr/local/cuda-11.2/lib64:/usr/local/cuda-11.2/lib64
2026-08-30 11:40:52.476881: W tensorflow/compiler/tf2tensorrt/utils/py_utils.cc:38] TF-TRT Warning: Cannot dlopen some TensorRT libraries. If you would like to use Nvidia GPU with TensorRT, please make sure the missing libraries mentioned above are installed properly.
[MW Env] 분기점 56개, 도로 선분 1831개, 이웃간격 중앙값 2453 m, rho_max=2.0
2026-08-30 11:40:53.778146: I tensorflow/core/platform/cpu_feature_guard.cc:193] This TensorFlow binary is optimized with oneAPI Deep Neural Network Library (oneDNN) to use the following CPU instructions in performance-critical operations:  AVX2 AVX512F AVX512_VNNI FMA
To enable them in other operations, rebuild TensorFlow with the appropriate compiler flags.
2026-08-30 11:40:54.366822: I tensorflow/core/common_runtime/gpu/gpu_device.cc:1616] Created device /job:localhost/replica:0/task:0/device:GPU:0 with 46430 MB memory:  -> device: 0, name: NVIDIA RTX A6000, pci bus id: 0000:b5:00.0, compute capability: 8.6
2026-08-30 11:40:55.751397: I tensorflow/stream_executor/cuda/cuda_blas.cc:1614] TensorFloat-32 will be used for the matrix multiplication. This will only be logged once.

--- [학습 루프 테스트: 동적 도로 분할 연산 시뮬레이션] ---
Traceback (most recent call last):
  File "SAC/softlearning-master/softlearning/train.py", line 115, in <module>
    tst1, tst2, tst3, tst4 = env.step(uniform_weights)
  File "/src/gs25048/chngR/features/data_preprocessing/vor_sd/rl_env_voronoi_mw.py", line 149, in step
    xpos = x_min + (action[1] + 1) / 2 * (x_max - x_min)
NameError: name 'x_min' is not defined
