nohup: ignoring input
2026-08-30 22:31:29.300926: I tensorflow/core/platform/cpu_feature_guard.cc:193] This TensorFlow binary is optimized with oneAPI Deep Neural Network Library (oneDNN) to use the following CPU instructions in performance-critical operations:  AVX2 AVX512F AVX512_VNNI FMA
To enable them in other operations, rebuild TensorFlow with the appropriate compiler flags.
2026-08-30 22:31:29.447448: I tensorflow/core/util/util.cc:169] oneDNN custom operations are on. You may see slightly different numerical results due to floating-point round-off errors from different computation orders. To turn them off, set the environment variable `TF_ENABLE_ONEDNN_OPTS=0`.
2026-08-30 22:31:29.482090: E tensorflow/stream_executor/cuda/cuda_blas.cc:2981] Unable to register cuBLAS factory: Attempting to register factory for plugin cuBLAS when one has already been registered
2026-08-30 22:31:30.212216: W tensorflow/stream_executor/platform/default/dso_loader.cc:64] Could not load dynamic library 'libnvinfer.so.7'; dlerror: libnvinfer.so.7: cannot open shared object file: No such file or directory; LD_LIBRARY_PATH: :/usr/local/cuda-11.2/lib64:/usr/local/cuda-11.2/lib64
2026-08-30 22:31:30.212304: W tensorflow/stream_executor/platform/default/dso_loader.cc:64] Could not load dynamic library 'libnvinfer_plugin.so.7'; dlerror: libnvinfer_plugin.so.7: cannot open shared object file: No such file or directory; LD_LIBRARY_PATH: :/usr/local/cuda-11.2/lib64:/usr/local/cuda-11.2/lib64
2026-08-30 22:31:30.212312: W tensorflow/compiler/tf2tensorrt/utils/py_utils.cc:38] TF-TRT Warning: Cannot dlopen some TensorRT libraries. If you would like to use Nvidia GPU with TensorRT, please make sure the missing libraries mentioned above are installed properly.
[MW Env] 분기점 56개, 도로 선분 1831개, 이웃간격 중앙값 2453 m, rho_max=50.0
2026-08-30 22:31:31.727538: I tensorflow/core/platform/cpu_feature_guard.cc:193] This TensorFlow binary is optimized with oneAPI Deep Neural Network Library (oneDNN) to use the following CPU instructions in performance-critical operations:  AVX2 AVX512F AVX512_VNNI FMA
To enable them in other operations, rebuild TensorFlow with the appropriate compiler flags.
2026-08-30 22:31:32.290517: I tensorflow/core/common_runtime/gpu/gpu_device.cc:1616] Created device /job:localhost/replica:0/task:0/device:GPU:0 with 46430 MB memory:  -> device: 0, name: NVIDIA RTX A6000, pci bus id: 0000:b5:00.0, compute capability: 8.6
2026-08-30 22:31:33.631501: I tensorflow/stream_executor/cuda/cuda_blas.cc:1614] TensorFloat-32 will be used for the matrix multiplication. This will only be logged once.

--- [학습 루프 테스트: 동적 도로 분할 연산 시뮬레이션] ---
[Test 1] 균등 가중치(유클리드) 적용 시 평균 표준편차: 0.16055159
학습 시작...
Episode 1, Reward: -161.97, Buffer Size: 1000
Episode 2, Reward: -161.56, Buffer Size: 2000
Episode 3, Reward: -161.99, Buffer Size: 3000
Episode 4, Reward: -161.02, Buffer Size: 4000
Episode 5, Reward: -162.67, Buffer Size: 5000
Episode 6, Reward: -160.82, Buffer Size: 6000
Episode 7, Reward: -161.87, Buffer Size: 7000
Episode 8, Reward: -162.14, Buffer Size: 8000
Episode 9, Reward: -161.37, Buffer Size: 9000
Episode 10, Reward: -162.00, Buffer Size: 10000
Episode 11, Reward: -161.63, Buffer Size: 11000
Episode 12, Reward: -161.33, Buffer Size: 12000
Episode 13, Reward: -161.71, Buffer Size: 13000
Episode 14, Reward: -160.75, Buffer Size: 14000
Episode 15, Reward: -161.30, Buffer Size: 15000
Episode 16, Reward: -162.02, Buffer Size: 16000
Episode 17, Reward: -160.66, Buffer Size: 17000
Episode 18, Reward: -162.26, Buffer Size: 18000
Episode 19, Reward: -162.01, Buffer Size: 19000
Episode 20, Reward: -161.13, Buffer Size: 20000
Episode 21, Reward: -161.14, Buffer Size: 21000
Episode 22, Reward: -163.07, Buffer Size: 22000
Episode 23, Reward: -162.15, Buffer Size: 23000
Episode 24, Reward: -161.61, Buffer Size: 24000
Episode 25, Reward: -161.17, Buffer Size: 25000
Episode 26, Reward: -161.14, Buffer Size: 26000
Episode 27, Reward: -161.14, Buffer Size: 27000
Episode 28, Reward: -161.76, Buffer Size: 28000
Episode 29, Reward: -161.77, Buffer Size: 29000
Episode 30, Reward: -161.24, Buffer Size: 30000
Episode 31, Reward: -162.51, Buffer Size: 31000
Episode 32, Reward: -161.60, Buffer Size: 32000
Episode 33, Reward: -161.35, Buffer Size: 33000
Episode 34, Reward: -161.23, Buffer Size: 34000
Episode 35, Reward: -161.76, Buffer Size: 35000
Episode 36, Reward: -161.36, Buffer Size: 36000
Episode 37, Reward: -161.42, Buffer Size: 37000
Episode 38, Reward: -162.50, Buffer Size: 38000
Episode 39, Reward: -162.99, Buffer Size: 39000
Episode 40, Reward: -161.75, Buffer Size: 40000
Episode 41, Reward: -161.29, Buffer Size: 41000
Episode 42, Reward: -161.20, Buffer Size: 42000
Episode 43, Reward: -162.31, Buffer Size: 43000
Episode 44, Reward: -160.67, Buffer Size: 44000
Episode 45, Reward: -162.95, Buffer Size: 45000
Episode 46, Reward: -162.67, Buffer Size: 46000
Episode 47, Reward: -161.68, Buffer Size: 47000
Episode 48, Reward: -161.26, Buffer Size: 48000
Episode 49, Reward: -161.36, Buffer Size: 49000
Episode 50, Reward: -161.20, Buffer Size: 50000
Episode 51, Reward: -161.86, Buffer Size: 51000
Episode 52, Reward: -160.28, Buffer Size: 52000
Episode 53, Reward: -162.21, Buffer Size: 53000
Episode 54, Reward: -162.35, Buffer Size: 54000
Episode 55, Reward: -161.59, Buffer Size: 55000
Episode 56, Reward: -162.52, Buffer Size: 56000
Episode 57, Reward: -160.64, Buffer Size: 57000
Episode 58, Reward: -162.04, Buffer Size: 58000
Episode 59, Reward: -160.60, Buffer Size: 59000
Episode 60, Reward: -161.27, Buffer Size: 60000
Episode 61, Reward: -162.52, Buffer Size: 61000
Episode 62, Reward: -162.62, Buffer Size: 62000
Episode 63, Reward: -162.11, Buffer Size: 63000
Episode 64, Reward: -162.02, Buffer Size: 64000
Episode 65, Reward: -162.24, Buffer Size: 65000
Episode 66, Reward: -161.00, Buffer Size: 66000
Episode 67, Reward: -162.46, Buffer Size: 67000
Episode 68, Reward: -162.46, Buffer Size: 68000
Episode 69, Reward: -161.24, Buffer Size: 69000
Episode 70, Reward: -162.08, Buffer Size: 70000
Episode 71, Reward: -162.48, Buffer Size: 71000
Episode 72, Reward: -162.41, Buffer Size: 72000
Episode 73, Reward: -162.57, Buffer Size: 73000
Episode 74, Reward: -161.22, Buffer Size: 74000
Episode 75, Reward: -160.87, Buffer Size: 75000
Episode 76, Reward: -161.57, Buffer Size: 76000
Episode 77, Reward: -160.33, Buffer Size: 77000
Episode 78, Reward: -162.53, Buffer Size: 78000
Episode 79, Reward: -161.46, Buffer Size: 79000
Episode 80, Reward: -160.77, Buffer Size: 80000
Episode 81, Reward: -161.00, Buffer Size: 81000
Episode 82, Reward: -162.53, Buffer Size: 82000
Episode 83, Reward: -162.62, Buffer Size: 83000
Episode 84, Reward: -162.89, Buffer Size: 84000
Episode 85, Reward: -161.46, Buffer Size: 85000
Episode 86, Reward: -161.68, Buffer Size: 86000
Episode 87, Reward: -161.40, Buffer Size: 87000
Episode 88, Reward: -162.08, Buffer Size: 88000
Episode 89, Reward: -161.70, Buffer Size: 89000
Episode 90, Reward: -160.96, Buffer Size: 90000
Episode 91, Reward: -162.42, Buffer Size: 91000
Episode 92, Reward: -161.10, Buffer Size: 92000
Episode 93, Reward: -160.51, Buffer Size: 93000
Episode 94, Reward: -160.30, Buffer Size: 94000
Episode 95, Reward: -162.19, Buffer Size: 95000
Episode 96, Reward: -160.83, Buffer Size: 96000
Episode 97, Reward: -161.54, Buffer Size: 97000
Episode 98, Reward: -161.95, Buffer Size: 98000
Episode 99, Reward: -161.37, Buffer Size: 99000
Episode 100, Reward: -162.32, Buffer Size: 100000
학습 완료!
0.15818276984184115
[-3.14076180e-01 -2.89118358e-01  1.09416714e-03  3.42363647e-01
  1.29673154e-01 -1.62793702e-01 -6.53274943e-02 -4.45002078e-01
  4.11309856e-02  1.71584367e-01  5.84409014e-01 -3.77076574e-01
  6.26535132e-02  2.56403433e-01  3.64095761e-01  2.79139831e-01
  2.73502666e-01  2.78302539e-01 -1.71651606e-01  5.58504518e-01
  1.38695682e-01  3.17174768e-01  5.69736155e-02  1.70203216e-01
 -5.59723467e-01 -1.20180746e-01 -2.11153323e-01  7.41080038e-01
 -1.18511775e+00  5.56625660e-01 -1.00073355e-01 -8.13102199e-01
  2.91274294e-01  1.71418599e-01  5.93089119e-03  1.42608000e-01
  1.20629287e-01  9.25476246e-02 -4.17689663e-01  1.18856016e-01
  3.43748919e-02  2.09762323e-01  8.85019394e-03  4.43040162e-02
  3.63270083e-02  2.83448046e-01 -1.94174362e-01  1.11943736e-01
  2.10753109e-01 -1.85191293e-01  2.02810950e-01 -2.22148674e-01
 -4.79016796e-01 -1.13960227e+00 -1.73823214e-01  2.16593543e-01]
